I'm sorry, but errors were detected in your script. Please correct the
errors listed below, and try again.


The label lanjutKuliah is defined twice, at File "game/ending.rpy", line 34:
label lanjutKuliah:
and File "game/ending.rpy", line 126:
label lanjutKuliah:


Ren'Py Version: Ren'Py 7.4.11.2266
Sat Dec 10 20:15:43 2022
